// Jest Snapshot v1, https://goo.gl/fbAQLP

exports[`PinCreate (1) Render 1`] = `"<span>click</span>"`;
