// Jest Snapshot v1, https://goo.gl/fbAQLP

exports[`ScrollReplace (1) Render 1`] = `null`;
