// Jest Snapshot v1, https://goo.gl/fbAQLP

exports[`Material icon component should match exact snapshot 1`] = `
<div>
  <i
    className="mi "
  >
    code
  </i>
</div>
`;
