// Jest Snapshot v1, https://goo.gl/fbAQLP

exports[`EntryVoters (1) Should render list prepared top 10 votes. Should show more text at bottom. 1`] = `"<div class=\\"votes-popover-content\\"><p><span class=\\"voter\\">esteemapp</span><span class=\\"percent\\">100.0%</span><span class=\\"reward\\">$ 22.095</span></p><p><span class=\\"voter\\">good-karma</span><span class=\\"percent\\">100.0%</span><span class=\\"reward\\">$ 9.171</span></p><p><span class=\\"voter\\">esteem.app</span><span class=\\"percent\\">100.0%</span><span class=\\"reward\\">$ 2.624</span></p><p><span class=\\"voter\\">alexis555</span><span class=\\"percent\\">25.0%</span><span class=\\"reward\\">$ 2.041</span></p><p><span class=\\"voter\\">fabien</span><span class=\\"percent\\">100.0%</span><span class=\\"reward\\">$ 1.826</span></p><p><span class=\\"voter\\">cryptoctopus</span><span class=\\"percent\\">19.9%</span><span class=\\"reward\\">$ 0.899</span></p><p><span class=\\"voter\\">dunsky</span><span class=\\"percent\\">100.0%</span><span class=\\"reward\\">$ 0.529</span></p><p><span class=\\"voter\\">khanza.aulia</span><span class=\\"percent\\">100.0%</span><span class=\\"reward\\">$ 0.335</span></p><p><span class=\\"voter\\">boxcarblue</span><span class=\\"percent\\">100.0%</span><span class=\\"reward\\">$ 0.320</span></p><p><span class=\\"voter\\">yahialababidi</span><span class=\\"percent\\">100.0%</span><span class=\\"reward\\">$ 0.221</span></p><p class=\\"more\\"><span>780 more</span></p></div>"`;

exports[`EntryVoters (2) Should not show more text at bottom.  1`] = `"<div class=\\"votes-popover-content\\"><p><span class=\\"voter\\">burhan786</span><span class=\\"percent\\">100.0%</span><span class=\\"reward\\">$ 0.000</span></p><p><span class=\\"voter\\">goidt</span><span class=\\"percent\\">-100.0%</span><span class=\\"reward\\">$ 0.000</span></p></div>"`;
