// Jest Snapshot v1, https://goo.gl/fbAQLP

exports[`EntryReblogBtn (1) Render 1`] = `"<div class=\\"reblog-btn\\"><a class=\\"inner-btn\\"><i class=\\"mi tooltip-handler\\">repeat</i></a></div>"`;
