// Jest Snapshot v1, https://goo.gl/fbAQLP

exports[`FormattedCurrency (1) render usd 1`] = `"$ 0.15"`;

exports[`FormattedCurrency (2) render euro 1`] = `"€ 0.13"`;

exports[`FormattedCurrency (3) render tl with 4 character after dot 1`] = `"₺ 0.9765"`;
