// Jest Snapshot v1, https://goo.gl/fbAQLP

exports[`active account reducer (1) default state 1`] = `null`;
