// Jest Snapshot v1, https://goo.gl/fbAQLP

exports[`Login (1) Default Render 1`] = `"<div class=\\"login-dialog-content\\"><div class=\\"login-header\\"><div class=\\"logo\\"><img src=\\"test-file-stub\\" alt=\\"logo\\"></div><div class=\\"login-header-text\\"><span>Welcome back!</span></div></div><div class=\\"login-form\\"><p class=\\"form-text\\"><span>Sign in with your username and password to continue</span></p><p><input type=\\"text\\" id=\\"txt-username\\" placeholder=\\"username\\" class=\\"ant-input\\" value=\\"\\"></p><p><input type=\\"password\\" id=\\"txt-code\\" placeholder=\\"password or WIF\\" class=\\"ant-input\\" value=\\"\\"></p><p><button type=\\"button\\" class=\\"ant-btn ant-btn-primary ant-btn-lg ant-btn-block\\"><span>Login</span></button></p><p><span>Don't have an account? <a href=\\"https://signup.steemit.com/?ref=esteemapp\\" target=\\"_external\\">Sign up now!</a></span></p></div><div class=\\"ant-divider ant-divider-horizontal ant-divider-with-text\\"><span class=\\"ant-divider-inner-text\\"><span>OR</span></span></div><div class=\\"login-sc\\" role=\\"none\\"><p class=\\"login-title\\"><span>Login with</span></p><div class=\\"logo\\"><img src=\\"test-file-stub\\" alt=\\"Steem Connect\\"></div><div class=\\"sc-note\\"><span>Note: Steemconnect may charge some fees from your reward transactions</span></div></div></div>"`;

exports[`Login (3) Render with account list 1`] = `"<div class=\\"login-dialog-content\\"><div class=\\"login-header\\"><div class=\\"logo\\"><img src=\\"test-file-stub\\" alt=\\"logo\\"></div><div class=\\"login-header-text\\"><span>Welcome back!</span></div></div><div class=\\"account-list\\"><div class=\\"account-list-header\\"><span>Login As</span></div><div class=\\"account-list-body\\"><div class=\\"account-list-item \\" role=\\"none\\"><span role=\\"none\\" class=\\"user-avatar normal\\" style=\\"background-image: url(https://avatars.esteem.app/u/foo/avatar/medium);\\"></span> <span class=\\"username\\">@foo</span><div class=\\"space\\"></div><div role=\\"none\\" class=\\"btn-delete\\"><i class=\\"mi tooltip-handler\\">delete_forever</i></div></div><div class=\\"account-list-item \\" role=\\"none\\"><span role=\\"none\\" class=\\"user-avatar normal\\" style=\\"background-image: url(https://avatars.esteem.app/u/bar/avatar/medium);\\"></span> <span class=\\"username\\">@bar</span><div class=\\"space\\"></div><div role=\\"none\\" class=\\"btn-delete\\"><i class=\\"mi tooltip-handler\\">delete_forever</i></div></div></div></div><div class=\\"ant-divider ant-divider-horizontal ant-divider-with-text\\"><span class=\\"ant-divider-inner-text\\"><span>OR</span></span></div><div class=\\"login-form\\"><p class=\\"form-text\\"><span>Sign in with your username and password to continue</span></p><p><input type=\\"text\\" id=\\"txt-username\\" placeholder=\\"username\\" class=\\"ant-input\\" value=\\"\\"></p><p><input type=\\"password\\" id=\\"txt-code\\" placeholder=\\"password or WIF\\" class=\\"ant-input\\" value=\\"\\"></p><p><button type=\\"button\\" class=\\"ant-btn ant-btn-primary ant-btn-lg ant-btn-block\\"><span>Login</span></button></p><p><span>Don't have an account? <a href=\\"https://signup.steemit.com/?ref=esteemapp\\" target=\\"_external\\">Sign up now!</a></span></p></div><div class=\\"ant-divider ant-divider-horizontal ant-divider-with-text\\"><span class=\\"ant-divider-inner-text\\"><span>OR</span></span></div><div class=\\"login-sc\\" role=\\"none\\"><p class=\\"login-title\\"><span>Login with</span></p><div class=\\"logo\\"><img src=\\"test-file-stub\\" alt=\\"Steem Connect\\"></div><div class=\\"sc-note\\"><span>Note: Steemconnect may charge some fees from your reward transactions</span></div></div></div>"`;
