// Jest Snapshot v1, https://goo.gl/fbAQLP

exports[`PinConfirm (1) Render 1`] = `"<div class=\\"pin-confirm-dialog-content\\"><div class=\\"dialog-form\\"><div class=\\"brand\\"><img src=\\"test-file-stub\\" alt=\\"\\"></div><div class=\\"form-content\\"><h2 class=\\"form-title\\"><span>Enter PIN Code</span></h2><span class=\\"ant-input-group\\"><div class=\\"ant-col-18\\"><input type=\\"password\\" id=\\"pin-input\\" maxlength=\\"20\\" placeholder=\\"Enter PIN code to continue\\" class=\\"ant-input\\" value=\\"\\"></div><div class=\\"ant-col-3\\"><button disabled=\\"\\" type=\\"button\\" class=\\"ant-btn ant-btn-primary ant-btn-circle\\"><i class=\\"mi\\">lock_open</i></button></div></span></div></div></div>"`;
