// Jest Snapshot v1, https://goo.gl/fbAQLP

exports[`Settings (1) Render 1`] = `
"<div intl=\\"[object Object]\\"><div class=\\"settings-dialog-content\\"><div class=\\"ant-row row\\"><div class=\\"ant-col-4 ant-col-offset-2 label-col\\"><span>Currency</span></div><div class=\\"ant-col-18 col\\"><div style=\\"width: 100%;\\" class=\\"ant-select ant-select-enabled\\"><div class=\\"ant-select-selection
            ant-select-selection--single\\" role=\\"combobox\\" aria-autocomplete=\\"list\\" aria-haspopup=\\"true\\" aria-controls=\\"test-uuid\\" aria-expanded=\\"false\\" tabindex=\\"0\\"><div class=\\"ant-select-selection__rendered\\"><div class=\\"ant-select-selection-selected-value\\" title=\\"USD\\" style=\\"display: block; opacity: 1;\\">USD</div><div class=\\"ant-select-search ant-select-search--inline\\" style=\\"display: none;\\"><div class=\\"ant-select-search__field__wrap\\"><input autocomplete=\\"off\\" class=\\"ant-select-search__field\\" value=\\"\\"><span class=\\"ant-select-search__field__mirror\\">&nbsp;</span></div></div></div><span class=\\"ant-select-arrow\\" style=\\"user-select: none;\\" unselectable=\\"on\\"><i aria-label=\\"icon: down\\" class=\\"anticon anticon-down ant-select-arrow-icon\\"><svg viewBox=\\"64 64 896 896\\" class=\\"\\" data-icon=\\"down\\" width=\\"1em\\" height=\\"1em\\" fill=\\"currentColor\\" aria-hidden=\\"true\\"><path d=\\"M884 256h-75c-5.1 0-9.9 2.5-12.9 6.6L512 654.2 227.9 262.6c-3-4.1-7.8-6.6-12.9-6.6h-75c-6.5 0-10.3 7.4-6.5 12.7l352.6 486.1c12.8 17.6 39 17.6 51.7 0l352.6-486.1c3.9-5.3.1-12.7-6.4-12.7z\\"></path></svg></i></span></div></div></div></div><div class=\\"ant-row row\\"><div class=\\"ant-col-4 ant-col-offset-2 label-col\\"><span>Language</span></div><div class=\\"ant-col-18 col\\"><div style=\\"width: 100%;\\" class=\\"ant-select ant-select-enabled\\"><div class=\\"ant-select-selection
            ant-select-selection--single\\" role=\\"combobox\\" aria-autocomplete=\\"list\\" aria-haspopup=\\"true\\" aria-controls=\\"test-uuid\\" aria-expanded=\\"false\\" tabindex=\\"0\\"><div class=\\"ant-select-selection__rendered\\"><div class=\\"ant-select-selection-selected-value\\" title=\\"English\\" style=\\"display: block; opacity: 1;\\">English</div><div class=\\"ant-select-search ant-select-search--inline\\" style=\\"display: none;\\"><div class=\\"ant-select-search__field__wrap\\"><input autocomplete=\\"off\\" class=\\"ant-select-search__field\\" value=\\"\\"><span class=\\"ant-select-search__field__mirror\\">&nbsp;</span></div></div></div><span class=\\"ant-select-arrow\\" style=\\"user-select: none;\\" unselectable=\\"on\\"><i aria-label=\\"icon: down\\" class=\\"anticon anticon-down ant-select-arrow-icon\\"><svg viewBox=\\"64 64 896 896\\" class=\\"\\" data-icon=\\"down\\" width=\\"1em\\" height=\\"1em\\" fill=\\"currentColor\\" aria-hidden=\\"true\\"><path d=\\"M884 256h-75c-5.1 0-9.9 2.5-12.9 6.6L512 654.2 227.9 262.6c-3-4.1-7.8-6.6-12.9-6.6h-75c-6.5 0-10.3 7.4-6.5 12.7l352.6 486.1c12.8 17.6 39 17.6 51.7 0l352.6-486.1c3.9-5.3.1-12.7-6.4-12.7z\\"></path></svg></i></span></div></div></div></div><div class=\\"ant-row row\\"><div class=\\"ant-col-4 ant-col-offset-2 label-col\\"><span>Server</span></div><div class=\\"ant-col-18 col\\"><span class=\\"serverAddress\\">https://api.steemit.com</span><button id=\\"btn-toggle-servers\\" type=\\"button\\" class=\\"ant-btn ant-btn-primary ant-btn-circle ant-btn-sm\\"><i class=\\"mi\\">edit</i></button></div></div><div class=\\"ant-row row\\"><div class=\\"ant-col-18 ant-col-offset-6 col\\"><button type=\\"button\\" role=\\"switch\\" aria-checked=\\"true\\" class=\\"push-switch ant-switch ant-switch-checked\\"><span class=\\"ant-switch-inner\\"></span></button><span>Push Notifications</span></div></div></div></div>"
`;
