// Jest Snapshot v1, https://goo.gl/fbAQLP

exports[`AccountCover Render 1`] = `"<div class=\\"account-cover\\"><div class=\\"cover-image\\" style=\\"background-image: url(https://steemitimages.com/0x0/https://foo.bar/baz.png);\\"></div><div class=\\"follow-controls-holder\\"><div><button style=\\"margin-right: 5px;\\" type=\\"button\\" class=\\"ant-btn ant-btn-primary\\"><span>Follow</span></button><button type=\\"button\\" class=\\"ant-btn\\"><span>Mute</span></button></div></div></div>"`;

exports[`AccountMenu Render 1`] = `"<div class=\\"account-menu\\"><div class=\\"account-menu-items\\"><a role=\\"none\\" class=\\"menu-item false\\"><span>Blog</span></a><a role=\\"none\\" class=\\"menu-item selected-item\\"><span>Comments</span></a><a role=\\"none\\" class=\\"menu-item false\\"><span>Replies</span></a><a role=\\"none\\" class=\\"menu-item false\\"><span>Points</span></a><a role=\\"none\\" class=\\"menu-item false\\"><span>Wallet</span></a></div><div class=\\"page-tools\\"><a class=\\"list-switch \\" role=\\"none\\"><i class=\\"mi\\">view_module</i></a></div></div>"`;

exports[`AccountTopPosts Render 1`] = `"<div class=\\"top-posts-list\\"><h2 class=\\"top-posts-list-header\\"><span>Top Posts</span></h2><div class=\\"top-posts-list-body\\"><div class=\\"top-posts-list-item\\" role=\\"none\\"><div class=\\"post-image\\"><img alt=\\"\\" src=\\"test-file-stub\\"></div><div class=\\"post-content\\"><div class=\\"post-title\\">Foo bar</div><div class=\\"post-body\\">lorem ipsum</div></div></div><div class=\\"top-posts-list-item\\" role=\\"none\\"><div class=\\"post-image\\"><img alt=\\"\\" src=\\"test-file-stub\\"></div><div class=\\"post-content\\"><div class=\\"post-title\\">Baz gaz</div><div class=\\"post-body\\">dolor sit amet</div></div></div></div></div>"`;

exports[`Exchange Render falling values 1`] = `"<div class=\\"exchange-data\\"><div class=\\"exchange-title\\"><span class=\\"title-icon \\"><i class=\\"mi\\">show_chart</i></span><h2><span>Exchange</span></h2></div><div class=\\"market-data\\"><div class=\\"market-data-title\\">Steem</div><div class=\\"price change-down\\"><div class=\\"price-usd\\"><svg xmlns=\\"http://www.w3.org/2000/svg\\" class=\\"fa-dollar-sign\\" viewBox=\\"0 0 288 512\\"><path fill=\\"currentColor\\" d=\\"M209.2 233.4l-108-31.6C88.7 198.2 80 186.5 80 173.5c0-16.3 13.2-29.5 29.5-29.5h66.3c12.2 0 24.2 3.7 34.2 10.5 6.1 4.1 14.3 3.1 19.5-2l34.8-34c7.1-6.9 6.1-18.4-1.8-24.5C238 74.8 207.4 64.1 176 64V16c0-8.8-7.2-16-16-16h-32c-8.8 0-16 7.2-16 16v48h-2.5C45.8 64-5.4 118.7.5 183.6c4.2 46.1 39.4 83.6 83.8 96.6l102.5 30c12.5 3.7 21.2 15.3 21.2 28.3 0 16.3-13.2 29.5-29.5 29.5h-66.3C100 368 88 364.3 78 357.5c-6.1-4.1-14.3-3.1-19.5 2l-34.8 34c-7.1 6.9-6.1 18.4 1.8 24.5 24.5 19.2 55.1 29.9 86.5 30v48c0 8.8 7.2 16 16 16h32c8.8 0 16-7.2 16-16v-48.2c46.6-.9 90.3-28.6 105.7-72.7 21.5-61.6-14.6-124.8-72.5-141.7z\\"></path></svg> <span>0.83</span></div><div class=\\"price-change\\">(<span>-0.51</span>%)</div><i class=\\"mi change-icon\\">arrow_drop_down</i></div><div class=\\"price change-down\\"><div class=\\"price-btc\\"><svg xmlns=\\"http://www.w3.org/2000/svg\\" class=\\"fa-btc\\" viewBox=\\"0 0 384 512\\"><path fill=\\"currentColor\\" d=\\"M310.204 242.638c27.73-14.18 45.377-39.39 41.28-81.3-5.358-57.351-52.458-76.573-114.85-81.929V0h-48.528v77.203c-12.605 0-25.525.315-38.444.63V0h-48.528v79.409c-17.842.539-38.622.276-97.37 0v51.678c38.314-.678 58.417-3.14 63.023 21.427v217.429c-2.925 19.492-18.524 16.685-53.255 16.071L3.765 443.68c88.481 0 97.37.315 97.37.315V512h48.528v-67.06c13.234.315 26.154.315 38.444.315V512h48.528v-68.005c81.299-4.412 135.647-24.894 142.895-101.467 5.671-61.446-23.32-88.862-69.326-99.89zM150.608 134.553c27.415 0 113.126-8.507 113.126 48.528 0 54.515-85.71 48.212-113.126 48.212v-96.74zm0 251.776V279.821c32.772 0 133.127-9.138 133.127 53.255-.001 60.186-100.355 53.253-133.127 53.253z\\"></path></svg> <span>0.00012468</span></div><div class=\\"price-change\\">(<span>-1.07</span>%)</div><i class=\\"mi change-icon\\">arrow_drop_down</i></div></div><div class=\\"market-data\\"><div class=\\"market-data-title\\">Steem Dollar</div><div class=\\"price change-down\\"><div class=\\"price-usd\\"><svg xmlns=\\"http://www.w3.org/2000/svg\\" class=\\"fa-dollar-sign\\" viewBox=\\"0 0 288 512\\"><path fill=\\"currentColor\\" d=\\"M209.2 233.4l-108-31.6C88.7 198.2 80 186.5 80 173.5c0-16.3 13.2-29.5 29.5-29.5h66.3c12.2 0 24.2 3.7 34.2 10.5 6.1 4.1 14.3 3.1 19.5-2l34.8-34c7.1-6.9 6.1-18.4-1.8-24.5C238 74.8 207.4 64.1 176 64V16c0-8.8-7.2-16-16-16h-32c-8.8 0-16 7.2-16 16v48h-2.5C45.8 64-5.4 118.7.5 183.6c4.2 46.1 39.4 83.6 83.8 96.6l102.5 30c12.5 3.7 21.2 15.3 21.2 28.3 0 16.3-13.2 29.5-29.5 29.5h-66.3C100 368 88 364.3 78 357.5c-6.1-4.1-14.3-3.1-19.5 2l-34.8 34c-7.1 6.9-6.1 18.4 1.8 24.5 24.5 19.2 55.1 29.9 86.5 30v48c0 8.8 7.2 16 16 16h32c8.8 0 16-7.2 16-16v-48.2c46.6-.9 90.3-28.6 105.7-72.7 21.5-61.6-14.6-124.8-72.5-141.7z\\"></path></svg> <span>1</span></div><div class=\\"price-change\\">(<span>-0.72</span>%)</div><i class=\\"mi change-icon\\">arrow_drop_down</i></div><div class=\\"price change-down\\"><div class=\\"price-btc\\"><svg xmlns=\\"http://www.w3.org/2000/svg\\" class=\\"fa-btc\\" viewBox=\\"0 0 384 512\\"><path fill=\\"currentColor\\" d=\\"M310.204 242.638c27.73-14.18 45.377-39.39 41.28-81.3-5.358-57.351-52.458-76.573-114.85-81.929V0h-48.528v77.203c-12.605 0-25.525.315-38.444.63V0h-48.528v79.409c-17.842.539-38.622.276-97.37 0v51.678c38.314-.678 58.417-3.14 63.023 21.427v217.429c-2.925 19.492-18.524 16.685-53.255 16.071L3.765 443.68c88.481 0 97.37.315 97.37.315V512h48.528v-67.06c13.234.315 26.154.315 38.444.315V512h48.528v-68.005c81.299-4.412 135.647-24.894 142.895-101.467 5.671-61.446-23.32-88.862-69.326-99.89zM150.608 134.553c27.415 0 113.126-8.507 113.126 48.528 0 54.515-85.71 48.212-113.126 48.212v-96.74zm0 251.776V279.821c32.772 0 133.127-9.138 133.127 53.255-.001 60.186-100.355 53.253-133.127 53.253z\\"></path></svg> <span>0.00015031</span></div><div class=\\"price-change\\">(<span>-0.87</span>%)</div><i class=\\"mi change-icon\\">arrow_drop_down</i></div></div></div>"`;

exports[`Exchange Render raising values 1`] = `"<div class=\\"exchange-data\\"><div class=\\"exchange-title\\"><span class=\\"title-icon \\"><i class=\\"mi\\">show_chart</i></span><h2><span>Exchange</span></h2></div><div class=\\"market-data\\"><div class=\\"market-data-title\\">Steem</div><div class=\\"price change-up\\"><div class=\\"price-usd\\"><svg xmlns=\\"http://www.w3.org/2000/svg\\" class=\\"fa-dollar-sign\\" viewBox=\\"0 0 288 512\\"><path fill=\\"currentColor\\" d=\\"M209.2 233.4l-108-31.6C88.7 198.2 80 186.5 80 173.5c0-16.3 13.2-29.5 29.5-29.5h66.3c12.2 0 24.2 3.7 34.2 10.5 6.1 4.1 14.3 3.1 19.5-2l34.8-34c7.1-6.9 6.1-18.4-1.8-24.5C238 74.8 207.4 64.1 176 64V16c0-8.8-7.2-16-16-16h-32c-8.8 0-16 7.2-16 16v48h-2.5C45.8 64-5.4 118.7.5 183.6c4.2 46.1 39.4 83.6 83.8 96.6l102.5 30c12.5 3.7 21.2 15.3 21.2 28.3 0 16.3-13.2 29.5-29.5 29.5h-66.3C100 368 88 364.3 78 357.5c-6.1-4.1-14.3-3.1-19.5 2l-34.8 34c-7.1 6.9-6.1 18.4 1.8 24.5 24.5 19.2 55.1 29.9 86.5 30v48c0 8.8 7.2 16 16 16h32c8.8 0 16-7.2 16-16v-48.2c46.6-.9 90.3-28.6 105.7-72.7 21.5-61.6-14.6-124.8-72.5-141.7z\\"></path></svg> <span>0.83</span></div><div class=\\"price-change\\">(<span>0.51</span>%)</div><i class=\\"mi change-icon\\">arrow_drop_up</i></div><div class=\\"price change-up\\"><div class=\\"price-btc\\"><svg xmlns=\\"http://www.w3.org/2000/svg\\" class=\\"fa-btc\\" viewBox=\\"0 0 384 512\\"><path fill=\\"currentColor\\" d=\\"M310.204 242.638c27.73-14.18 45.377-39.39 41.28-81.3-5.358-57.351-52.458-76.573-114.85-81.929V0h-48.528v77.203c-12.605 0-25.525.315-38.444.63V0h-48.528v79.409c-17.842.539-38.622.276-97.37 0v51.678c38.314-.678 58.417-3.14 63.023 21.427v217.429c-2.925 19.492-18.524 16.685-53.255 16.071L3.765 443.68c88.481 0 97.37.315 97.37.315V512h48.528v-67.06c13.234.315 26.154.315 38.444.315V512h48.528v-68.005c81.299-4.412 135.647-24.894 142.895-101.467 5.671-61.446-23.32-88.862-69.326-99.89zM150.608 134.553c27.415 0 113.126-8.507 113.126 48.528 0 54.515-85.71 48.212-113.126 48.212v-96.74zm0 251.776V279.821c32.772 0 133.127-9.138 133.127 53.255-.001 60.186-100.355 53.253-133.127 53.253z\\"></path></svg> <span>0.00012468</span></div><div class=\\"price-change\\">(<span>1.07</span>%)</div><i class=\\"mi change-icon\\">arrow_drop_up</i></div></div><div class=\\"market-data\\"><div class=\\"market-data-title\\">Steem Dollar</div><div class=\\"price change-up\\"><div class=\\"price-usd\\"><svg xmlns=\\"http://www.w3.org/2000/svg\\" class=\\"fa-dollar-sign\\" viewBox=\\"0 0 288 512\\"><path fill=\\"currentColor\\" d=\\"M209.2 233.4l-108-31.6C88.7 198.2 80 186.5 80 173.5c0-16.3 13.2-29.5 29.5-29.5h66.3c12.2 0 24.2 3.7 34.2 10.5 6.1 4.1 14.3 3.1 19.5-2l34.8-34c7.1-6.9 6.1-18.4-1.8-24.5C238 74.8 207.4 64.1 176 64V16c0-8.8-7.2-16-16-16h-32c-8.8 0-16 7.2-16 16v48h-2.5C45.8 64-5.4 118.7.5 183.6c4.2 46.1 39.4 83.6 83.8 96.6l102.5 30c12.5 3.7 21.2 15.3 21.2 28.3 0 16.3-13.2 29.5-29.5 29.5h-66.3C100 368 88 364.3 78 357.5c-6.1-4.1-14.3-3.1-19.5 2l-34.8 34c-7.1 6.9-6.1 18.4 1.8 24.5 24.5 19.2 55.1 29.9 86.5 30v48c0 8.8 7.2 16 16 16h32c8.8 0 16-7.2 16-16v-48.2c46.6-.9 90.3-28.6 105.7-72.7 21.5-61.6-14.6-124.8-72.5-141.7z\\"></path></svg> <span>1</span></div><div class=\\"price-change\\">(<span>0.72</span>%)</div><i class=\\"mi change-icon\\">arrow_drop_up</i></div><div class=\\"price change-up\\"><div class=\\"price-btc\\"><svg xmlns=\\"http://www.w3.org/2000/svg\\" class=\\"fa-btc\\" viewBox=\\"0 0 384 512\\"><path fill=\\"currentColor\\" d=\\"M310.204 242.638c27.73-14.18 45.377-39.39 41.28-81.3-5.358-57.351-52.458-76.573-114.85-81.929V0h-48.528v77.203c-12.605 0-25.525.315-38.444.63V0h-48.528v79.409c-17.842.539-38.622.276-97.37 0v51.678c38.314-.678 58.417-3.14 63.023 21.427v217.429c-2.925 19.492-18.524 16.685-53.255 16.071L3.765 443.68c88.481 0 97.37.315 97.37.315V512h48.528v-67.06c13.234.315 26.154.315 38.444.315V512h48.528v-68.005c81.299-4.412 135.647-24.894 142.895-101.467 5.671-61.446-23.32-88.862-69.326-99.89zM150.608 134.553c27.415 0 113.126-8.507 113.126 48.528 0 54.515-85.71 48.212-113.126 48.212v-96.74zm0 251.776V279.821c32.772 0 133.127-9.138 133.127 53.255-.001 60.186-100.355 53.253-133.127 53.253z\\"></path></svg> <span>0.00015031</span></div><div class=\\"price-change\\">(<span>0.87</span>%)</div><i class=\\"mi change-icon\\">arrow_drop_up</i></div></div></div>"`;

exports[`Exchange Render same values 1`] = `"<div class=\\"exchange-data\\"><div class=\\"exchange-title\\"><span class=\\"title-icon \\"><i class=\\"mi\\">show_chart</i></span><h2><span>Exchange</span></h2></div><div class=\\"market-data\\"><div class=\\"market-data-title\\">Steem</div><div class=\\"price change-same\\"><div class=\\"price-usd\\"><svg xmlns=\\"http://www.w3.org/2000/svg\\" class=\\"fa-dollar-sign\\" viewBox=\\"0 0 288 512\\"><path fill=\\"currentColor\\" d=\\"M209.2 233.4l-108-31.6C88.7 198.2 80 186.5 80 173.5c0-16.3 13.2-29.5 29.5-29.5h66.3c12.2 0 24.2 3.7 34.2 10.5 6.1 4.1 14.3 3.1 19.5-2l34.8-34c7.1-6.9 6.1-18.4-1.8-24.5C238 74.8 207.4 64.1 176 64V16c0-8.8-7.2-16-16-16h-32c-8.8 0-16 7.2-16 16v48h-2.5C45.8 64-5.4 118.7.5 183.6c4.2 46.1 39.4 83.6 83.8 96.6l102.5 30c12.5 3.7 21.2 15.3 21.2 28.3 0 16.3-13.2 29.5-29.5 29.5h-66.3C100 368 88 364.3 78 357.5c-6.1-4.1-14.3-3.1-19.5 2l-34.8 34c-7.1 6.9-6.1 18.4 1.8 24.5 24.5 19.2 55.1 29.9 86.5 30v48c0 8.8 7.2 16 16 16h32c8.8 0 16-7.2 16-16v-48.2c46.6-.9 90.3-28.6 105.7-72.7 21.5-61.6-14.6-124.8-72.5-141.7z\\"></path></svg> <span>0.83</span></div><div class=\\"price-change\\">(<span>0</span>%)</div><i class=\\"change-icon\\">--</i></div><div class=\\"price change-same\\"><div class=\\"price-btc\\"><svg xmlns=\\"http://www.w3.org/2000/svg\\" class=\\"fa-btc\\" viewBox=\\"0 0 384 512\\"><path fill=\\"currentColor\\" d=\\"M310.204 242.638c27.73-14.18 45.377-39.39 41.28-81.3-5.358-57.351-52.458-76.573-114.85-81.929V0h-48.528v77.203c-12.605 0-25.525.315-38.444.63V0h-48.528v79.409c-17.842.539-38.622.276-97.37 0v51.678c38.314-.678 58.417-3.14 63.023 21.427v217.429c-2.925 19.492-18.524 16.685-53.255 16.071L3.765 443.68c88.481 0 97.37.315 97.37.315V512h48.528v-67.06c13.234.315 26.154.315 38.444.315V512h48.528v-68.005c81.299-4.412 135.647-24.894 142.895-101.467 5.671-61.446-23.32-88.862-69.326-99.89zM150.608 134.553c27.415 0 113.126-8.507 113.126 48.528 0 54.515-85.71 48.212-113.126 48.212v-96.74zm0 251.776V279.821c32.772 0 133.127-9.138 133.127 53.255-.001 60.186-100.355 53.253-133.127 53.253z\\"></path></svg> <span>0.00012468</span></div><div class=\\"price-change\\">(<span>0</span>%)</div><i class=\\"change-icon\\">--</i></div></div><div class=\\"market-data\\"><div class=\\"market-data-title\\">Steem Dollar</div><div class=\\"price change-same\\"><div class=\\"price-usd\\"><svg xmlns=\\"http://www.w3.org/2000/svg\\" class=\\"fa-dollar-sign\\" viewBox=\\"0 0 288 512\\"><path fill=\\"currentColor\\" d=\\"M209.2 233.4l-108-31.6C88.7 198.2 80 186.5 80 173.5c0-16.3 13.2-29.5 29.5-29.5h66.3c12.2 0 24.2 3.7 34.2 10.5 6.1 4.1 14.3 3.1 19.5-2l34.8-34c7.1-6.9 6.1-18.4-1.8-24.5C238 74.8 207.4 64.1 176 64V16c0-8.8-7.2-16-16-16h-32c-8.8 0-16 7.2-16 16v48h-2.5C45.8 64-5.4 118.7.5 183.6c4.2 46.1 39.4 83.6 83.8 96.6l102.5 30c12.5 3.7 21.2 15.3 21.2 28.3 0 16.3-13.2 29.5-29.5 29.5h-66.3C100 368 88 364.3 78 357.5c-6.1-4.1-14.3-3.1-19.5 2l-34.8 34c-7.1 6.9-6.1 18.4 1.8 24.5 24.5 19.2 55.1 29.9 86.5 30v48c0 8.8 7.2 16 16 16h32c8.8 0 16-7.2 16-16v-48.2c46.6-.9 90.3-28.6 105.7-72.7 21.5-61.6-14.6-124.8-72.5-141.7z\\"></path></svg> <span>1</span></div><div class=\\"price-change\\">(<span>0</span>%)</div><i class=\\"change-icon\\">--</i></div><div class=\\"price change-same\\"><div class=\\"price-btc\\"><svg xmlns=\\"http://www.w3.org/2000/svg\\" class=\\"fa-btc\\" viewBox=\\"0 0 384 512\\"><path fill=\\"currentColor\\" d=\\"M310.204 242.638c27.73-14.18 45.377-39.39 41.28-81.3-5.358-57.351-52.458-76.573-114.85-81.929V0h-48.528v77.203c-12.605 0-25.525.315-38.444.63V0h-48.528v79.409c-17.842.539-38.622.276-97.37 0v51.678c38.314-.678 58.417-3.14 63.023 21.427v217.429c-2.925 19.492-18.524 16.685-53.255 16.071L3.765 443.68c88.481 0 97.37.315 97.37.315V512h48.528v-67.06c13.234.315 26.154.315 38.444.315V512h48.528v-68.005c81.299-4.412 135.647-24.894 142.895-101.467 5.671-61.446-23.32-88.862-69.326-99.89zM150.608 134.553c27.415 0 113.126-8.507 113.126 48.528 0 54.515-85.71 48.212-113.126 48.212v-96.74zm0 251.776V279.821c32.772 0 133.127-9.138 133.127 53.255-.001 60.186-100.355 53.253-133.127 53.253z\\"></path></svg> <span>0.00015031</span></div><div class=\\"price-change\\">(<span>0</span>%)</div><i class=\\"change-icon\\">--</i></div></div></div>"`;
